
 Tests of the Nonsymmetric Eigenvalue Problem Driver
    Rgeev (eigenvalues and eigevectors)
 Tests of the Multiple precision version of LAPACK MPLAPACK VERSION 1.0.0
 Based on original LAPACK VERSION 3.9.1

The following parameter values will be used:
    M:         0     1     2     3     5    10    20
    N:         0     1     2     3     5    10    20
    NB:        3
    NBMIN:     3
    NX:        1
    INMIN:       11
    INWIN:      4
    INIBL:      8
    ISHFTS:      2
    IACC22:      0
 
 Relative machine underflow is taken to be+9.5302596195518043e-323228497
 Relative machine overflow  is taken to be+2.0985787164673877e+323228496
 Relative machine precision is taken to be+7.4583407312002067e-155

 Routines pass computational tests if test ratio is less than+2.0000000000000000e+01

 Rgeev passed the tests of the error exits (  7 tests done)

 All tests for REV passed the threshold (  1092 tests run)

 -----------------------------------------------------------------------

 Tests of the Nonsymmetric Eigenvalue Problem Driver
    Rgees (Schur form)
 Tests of the Multiple precision version of LAPACK MPLAPACK VERSION 1.0.0
 Based on original LAPACK VERSION 3.9.1

The following parameter values will be used:
    M:         0     1     2     3     5    10    20
    N:         0     1     2     3     5    10    20
    NB:        3
    NBMIN:     3
    NX:        1
    INMIN:       11
    INWIN:      4
    INIBL:      8
    ISHFTS:      2
    IACC22:      0
 
 Relative machine underflow is taken to be+9.5302596195518043e-323228497
 Relative machine overflow  is taken to be+2.0985787164673877e+323228496
 Relative machine precision is taken to be+7.4583407312002067e-155

 Routines pass computational tests if test ratio is less than+2.0000000000000000e+01

 Rgees passed the tests of the error exits (  6 tests done)

 All tests for RES passed the threshold (  3822 tests run)

 -----------------------------------------------------------------------

 Tests of the Nonsymmetric Eigenvalue Problem Expert Driver
    Rgeevx (eigenvalues, eigenvectors and condition numbers)
 Tests of the Multiple precision version of LAPACK MPLAPACK VERSION 1.0.0
 Based on original LAPACK VERSION 3.9.1

The following parameter values will be used:
    M:         0     1     2     3     5    10    20
    N:         0     1     2     3     5    10    20
    NB:        3
    NBMIN:     3
    NX:        1
    INMIN:       11
    INWIN:      4
    INIBL:      8
    ISHFTS:      2
    IACC22:      0
 
 Relative machine underflow is taken to be+9.5302596195518043e-323228497
 Relative machine overflow  is taken to be+2.0985787164673877e+323228496
 Relative machine precision is taken to be+7.4583407312002067e-155

 Routines pass computational tests if test ratio is less than+2.0000000000000000e+01

 Rgeevx passed the tests of the error exits ( 11 tests done)

 All tests for RVX passed the threshold (  6282 tests run)

 -----------------------------------------------------------------------

 Tests of the Nonsymmetric Eigenvalue Problem Expert Driver
    Rgeesx (Schur form and condition numbers)
 Tests of the Multiple precision version of LAPACK MPLAPACK VERSION 1.0.0
 Based on original LAPACK VERSION 3.9.1

The following parameter values will be used:
    M:         0     1     2     3     5    10
    N:         0     1     2     3     5    10
    NB:        3
    NBMIN:     3
    NX:        1
    INMIN:       11
    INWIN:      4
    INIBL:      8
    ISHFTS:      2
    IACC22:      0
 
 Relative machine underflow is taken to be+9.5302596195518043e-323228497
 Relative machine overflow  is taken to be+2.0985787164673877e+323228496
 Relative machine precision is taken to be+7.4583407312002067e-155

 Routines pass computational tests if test ratio is less than+2.0000000000000000e+01

 Rgeesx passed the tests of the error exits (  7 tests done)

 RSX -- Real Schur Form Decomposition Expert Driver
 Matrix types (see Rdrvsx for details):

 Special Matrices:
  1=Zero matrix.                          5=Diagonal: geometr. spaced entries.
  2=Identity matrix.                      6=Diagonal: clustered entries.
  3=Transposed Jordan block.              7=Diagonal: large, evenly spaced.
  4=Diagonal: evenly spaced entries.      8=Diagonal: small, evenly spaced.
 Dense, Non-Symmetric Matrices:
  9=Well-cond., evenly spaced eigenvals. 14=Ill-cond., geomet. spaced eigenals.
 10=Well-cond., geom. spaced eigenvals.  15=Ill-conditioned, clustered e.vals.
 11=Well-conditioned, clustered e.vals.  16=Ill-cond., random complex 
 12=Well-cond., random complex           17=Ill-cond., large rand. complx 
 13=Ill-conditioned, evenly spaced.      18=Ill-cond., small rand. complx 
 19=Matrix with random O(1) entries.     21=Matrix with small random entries.
 20=Matrix with large random entries.   

 Tests performed with test threshold =+2.0000000000000000e+01
 ( A denotes A on input and T denotes A on output)

 1 = 0 if T in Schur form (no sort),   1/ulp otherwise
 2 = | A - VS T transpose(VS) | / ( n |A| ulp ) (no sort)
 3 = | I - VS transpose(VS) | / ( n ulp ) (no sort) 
 4 = 0 if WR+sqrt(-1)*WI are eigenvalues of T (no sort),  1/ulp otherwise
 5 = 0 if T same no matter if VS computed (no sort),  1/ulp otherwise
 6 = 0 if WR, WI same no matter if VS computed (no sort),  1/ulp otherwise
 7 = 0 if T in Schur form (sort),   1/ulp otherwise
 8 = | A - VS T transpose(VS) | / ( n |A| ulp ) (sort)
 9 = | I - VS transpose(VS) | / ( n ulp ) (sort) 
 10 = 0 if WR+sqrt(-1)*WI are eigenvalues of T (sort),  1/ulp otherwise
 11 = 0 if T same no matter what else computed (sort),  1/ulp otherwise
 12 = 0 if WR, WI same no matter what else computed (sort), 1/ulp otherwise
 13 = 0 if sorting successful, 1/ulp otherwise
 14 = 0 if RCONDE same no matter what else computed, 1/ulp otherwise
 15 = 0 if RCONDv same no matter what else computed, 1/ulp otherwise
 16 = | RCONDE - RCONDE(precomputed) | / cond(RCONDE),
 17 = | RCONDV - RCONDV(precomputed) | / cond(RCONDV),
 N=    7, input example = 10,  test(17)=+6.7039039649712985e+153
 N=    7, input example = 12,  test(17)=+6.7039039649712985e+153
 N=    3, input example = 19,  test(17)=+9.5313141565934014e+05
 N=    6, input example = 21,  test(17)=+6.7039039649712985e+153
 N=    6, input example = 22,  test(17)=+6.7039039649712985e+153
 N=    6, input example = 23,  test(17)=+2.9865716852376462e+02
 N=    5, input example = 24,  test(17)=+6.7039039649712985e+153
 N=    6, input example = 25,  test(17)=+6.7039039649712985e+153
 N=   10, input example = 26,  test(17)=+6.7039039649712985e+153
 RSX:    9 out of  3508 tests failed to pass the threshold

 -----------------------------------------------------------------------


 End of tests
 Total time used =       175.00 seconds

