 Tests of the Symmetric Eigenvalue Problem routines
 Tests of the Multiple precision version of LAPACK MPLAPACK VERSION 1.0.0
 Based on original LAPACK VERSION 3.9.1

The following parameter values will be used:
    M:         0     1     2     3     5    20
    N:         0     1     2     3     5    20
    NB:        1     3     3     3    10
    NBMIN:     2     2     2     2     2
    NX:        1     0     5     9     1
 
 Relative machine underflow is taken to be+9.5302596195518043e-323228497
 Relative machine overflow  is taken to be+2.0985787164673877e+323228496
 Relative machine precision is taken to be+7.4583407312002067e-155

 Routines pass computational tests if test ratio is less than+5.0000000000000000e+01

 RST routines passed the tests of the error exits (209 tests done)


 SE2:  NB =   1, NBMIN =   2, NX =   1

 All tests for DST passed the threshold (  4440 tests run)

 RST -- Real Symmetric eigenvalue problem
 Matrix types (see xDRVST for details): 

 Special Matrices:
  1=Zero matrix.                          5=Diagonal: clustered entries.
  2=Identity matrix.                      6=Diagonal: large, evenly spaced.
  3=Diagonal: evenly spaced entries.      7=Diagonal: small, evenly spaced.
  4=Diagonal: geometr. spaced entries.
 Dense Symmetric Matrices:
  8=Evenly spaced eigenvals.             12=Small, evenly spaced eigenvals.
  9=Geometrically spaced eigenvals.      13=Matrix with random O(1) entries.
 10=Clustered eigenvalues.               14=Matrix with large random entries.
 11=Large, evenly spaced eigenvals.      15=Matrix with small random entries.

 Tests performed:  See sdrvst.f
 Matrix order=    1, type= 3, seed=   0,   0,   0,   0, result   9 is +6.7039039649712985e+153
 Matrix order=    1, type= 7, seed=   0,   0,   0,   0, result   9 is +6.7039039649712985e+153
 Matrix order=    2, type= 3, seed=   0,   0,   0,   0, result   9 is +2.0000000000000000e+03
 Matrix order=    2, type= 4, seed=   0,   0,   0,   0, result   9 is +6.7039039649712985e+153
 Matrix order=    2, type= 5, seed=   0,   0,   0,   0, result   9 is +2.0000000000000000e+03
 Matrix order=    2, type= 6, seed=   0,   0,   0,   0, result   9 is +2.0000000000000000e+03
 Matrix order=    3, type= 3, seed=   0,   0,   0,   0, result   9 is +6.7039039649712985e+153
 Matrix order=    3, type= 4, seed=   0,   0,   0,   0, result   9 is +5.1783796558272158e+78
 Matrix order=    3, type= 5, seed=   0,   0,   0,   0, result   9 is +6.7039039649712985e+153
 Matrix order=    3, type= 6, seed=   0,   0,   0,   0, result   9 is +6.7039039649712985e+153
 Matrix order=    3, type= 7, seed=   0,   0,   0,   0, result   9 is +6.7039039649712985e+153
 Matrix order=    5, type= 3, seed=   0,   0,   0,   0, result   9 is +6.7039039649712985e+153
 Matrix order=    5, type= 4, seed=   0,   0,   0,   0, result   9 is +2.6349709640459714e+116
 Matrix order=    5, type= 6, seed=   0,   0,   0,   0, result   9 is +6.7039039649712985e+153
 Matrix order=    5, type= 7, seed=   0,   0,   0,   0, result   9 is +6.7039039649712985e+153
 Matrix order=   20, type= 3, seed=   0,   0,   0,   0, result   9 is +6.7039039649712985e+153
 Matrix order=   20, type= 4, seed=   0,   0,   0,   0, result   9 is +2.7303535653009695e+114
 Matrix order=   20, type= 5, seed=   0,   0,   0,   0, result   9 is +6.7039039649712985e+153
 Matrix order=   20, type= 6, seed=   0,   0,   0,   0, result   9 is +6.7039039649712985e+153
 Matrix order=   20, type= 7, seed=   0,   0,   0,   0, result   9 is +6.7039039649712985e+153
 RST drivers:     20 out of  13464 tests failed to pass the threshold


 SE2:  NB =   3, NBMIN =   2, NX =   0

 All tests for DST passed the threshold (  4440 tests run)

 RST -- Real Symmetric eigenvalue problem
 Matrix types (see xDRVST for details): 

 Special Matrices:
  1=Zero matrix.                          5=Diagonal: clustered entries.
  2=Identity matrix.                      6=Diagonal: large, evenly spaced.
  3=Diagonal: evenly spaced entries.      7=Diagonal: small, evenly spaced.
  4=Diagonal: geometr. spaced entries.
 Dense Symmetric Matrices:
  8=Evenly spaced eigenvals.             12=Small, evenly spaced eigenvals.
  9=Geometrically spaced eigenvals.      13=Matrix with random O(1) entries.
 10=Clustered eigenvalues.               14=Matrix with large random entries.
 11=Large, evenly spaced eigenvals.      15=Matrix with small random entries.

 Tests performed:  See sdrvst.f
 Matrix order=    1, type= 3, seed=   0,   0,   0,   0, result   9 is +6.7039039649712985e+153
 Matrix order=    1, type= 5, seed=   0,   0,   0,   0, result   9 is +6.7039039649712985e+153
 Matrix order=    1, type= 6, seed=   0,   0,   0,   0, result   9 is +6.7039039649712985e+153
 Matrix order=    1, type= 7, seed=   0,   0,   0,   0, result   9 is +6.7039039649712985e+153
 Matrix order=    2, type= 3, seed=   0,   0,   0,   0, result   9 is +6.7039039649712985e+153
 Matrix order=    2, type= 4, seed=   0,   0,   0,   0, result   9 is +6.7039039649712985e+153
 Matrix order=    2, type= 5, seed=   0,   0,   0,   0, result   9 is +6.7039039649712985e+153
 Matrix order=    2, type= 6, seed=   0,   0,   0,   0, result   9 is +2.0000000000000000e+03
 Matrix order=    2, type= 7, seed=   0,   0,   0,   0, result   9 is +2.0000000000000000e+03
 Matrix order=    3, type= 3, seed=   0,   0,   0,   0, result   9 is +6.7039039649712985e+153
 Matrix order=    3, type= 4, seed=   0,   0,   0,   0, result   9 is +6.7039039649712985e+153
 Matrix order=    3, type= 5, seed=   0,   0,   0,   0, result   9 is +6.7039039649712985e+153
 Matrix order=    3, type= 6, seed=   0,   0,   0,   0, result   9 is +2.0000000000000000e+03
 Matrix order=    3, type= 7, seed=   0,   0,   0,   0, result   9 is +6.7039039649712985e+153
 Matrix order=    5, type= 3, seed=   0,   0,   0,   0, result   9 is +6.7039039649712985e+153
 Matrix order=    5, type= 4, seed=   0,   0,   0,   0, result   9 is +6.7039039649712985e+153
 Matrix order=    5, type= 5, seed=   0,   0,   0,   0, result   9 is +6.7039039649712985e+153
 Matrix order=    5, type= 6, seed=   0,   0,   0,   0, result   9 is +3.3519519824856493e+153
 Matrix order=    5, type= 7, seed=   0,   0,   0,   0, result   9 is +6.7039039649712985e+153
 Matrix order=   20, type= 3, seed=   0,   0,   0,   0, result   9 is +6.7039039649712985e+153
 Matrix order=   20, type= 4, seed=   0,   0,   0,   0, result   9 is +2.0543500435083736e+130
 Matrix order=   20, type= 5, seed=   0,   0,   0,   0, result   9 is +6.7039039649712985e+153
 Matrix order=   20, type= 6, seed=   0,   0,   0,   0, result   9 is +6.7039039649712985e+153
 Matrix order=   20, type= 7, seed=   0,   0,   0,   0, result   9 is +6.7039039649712985e+153
 RST drivers:     24 out of  13464 tests failed to pass the threshold


 SE2:  NB =   3, NBMIN =   2, NX =   5

 All tests for DST passed the threshold (  4440 tests run)

 RST -- Real Symmetric eigenvalue problem
 Matrix types (see xDRVST for details): 

 Special Matrices:
  1=Zero matrix.                          5=Diagonal: clustered entries.
  2=Identity matrix.                      6=Diagonal: large, evenly spaced.
  3=Diagonal: evenly spaced entries.      7=Diagonal: small, evenly spaced.
  4=Diagonal: geometr. spaced entries.
 Dense Symmetric Matrices:
  8=Evenly spaced eigenvals.             12=Small, evenly spaced eigenvals.
  9=Geometrically spaced eigenvals.      13=Matrix with random O(1) entries.
 10=Clustered eigenvalues.               14=Matrix with large random entries.
 11=Large, evenly spaced eigenvals.      15=Matrix with small random entries.

 Tests performed:  See sdrvst.f
 Matrix order=    1, type= 6, seed=   0,   0,   0,   0, result   9 is +6.7039039649712985e+153
 Matrix order=    2, type= 3, seed=   0,   0,   0,   0, result   9 is +6.7039039649712985e+153
 Matrix order=    2, type= 4, seed=   0,   0,   0,   0, result   9 is +2.0000000000000000e+03
 Matrix order=    2, type= 6, seed=   0,   0,   0,   0, result   9 is +2.0000000000000000e+03
 Matrix order=    2, type= 7, seed=   0,   0,   0,   0, result   9 is +2.0000000000000000e+03
 Matrix order=    3, type= 3, seed=   0,   0,   0,   0, result   9 is +6.7039039649712985e+153
 Matrix order=    3, type= 4, seed=   0,   0,   0,   0, result   9 is +6.7039039649712985e+153
 Matrix order=    3, type= 5, seed=   0,   0,   0,   0, result   9 is +2.0000000000000000e+03
 Matrix order=    3, type= 6, seed=   0,   0,   0,   0, result   9 is +6.7039039649712985e+153
 Matrix order=    3, type= 7, seed=   0,   0,   0,   0, result   9 is +6.7039039649712985e+153
 Matrix order=    5, type= 3, seed=   0,   0,   0,   0, result   9 is +6.7039039649712985e+153
 Matrix order=    5, type= 4, seed=   0,   0,   0,   0, result   9 is +6.7039039649712985e+153
 Matrix order=    5, type= 5, seed=   0,   0,   0,   0, result   9 is +2.0000000000000000e+03
 Matrix order=    5, type= 6, seed=   0,   0,   0,   0, result   9 is +6.7039039649712985e+153
 Matrix order=    5, type= 7, seed=   0,   0,   0,   0, result   9 is +6.7039039649712985e+153
 Matrix order=   20, type= 3, seed=   0,   0,   0,   0, result   9 is +6.7039039649712985e+153
 Matrix order=   20, type= 4, seed=   0,   0,   0,   0, result   9 is +2.3683542736823158e+122
 Matrix order=   20, type= 5, seed=   0,   0,   0,   0, result   9 is +6.7039039649712985e+153
 Matrix order=   20, type= 6, seed=   0,   0,   0,   0, result   9 is +6.7039039649712985e+153
 Matrix order=   20, type= 7, seed=   0,   0,   0,   0, result   9 is +6.7039039649712985e+153
 RST drivers:     20 out of  13464 tests failed to pass the threshold


 SE2:  NB =   3, NBMIN =   2, NX =   9

 All tests for DST passed the threshold (  4440 tests run)

 RST -- Real Symmetric eigenvalue problem
 Matrix types (see xDRVST for details): 

 Special Matrices:
  1=Zero matrix.                          5=Diagonal: clustered entries.
  2=Identity matrix.                      6=Diagonal: large, evenly spaced.
  3=Diagonal: evenly spaced entries.      7=Diagonal: small, evenly spaced.
  4=Diagonal: geometr. spaced entries.
 Dense Symmetric Matrices:
  8=Evenly spaced eigenvals.             12=Small, evenly spaced eigenvals.
  9=Geometrically spaced eigenvals.      13=Matrix with random O(1) entries.
 10=Clustered eigenvalues.               14=Matrix with large random entries.
 11=Large, evenly spaced eigenvals.      15=Matrix with small random entries.

 Tests performed:  See sdrvst.f
 Matrix order=    2, type= 3, seed=   0,   0,   0,   0, result   9 is +2.0000000000000000e+03
 Matrix order=    2, type= 4, seed=   0,   0,   0,   0, result   9 is +6.7039039649712985e+153
 Matrix order=    2, type= 6, seed=   0,   0,   0,   0, result   9 is +6.7039039649712985e+153
 Matrix order=    2, type= 7, seed=   0,   0,   0,   0, result   9 is +2.0000000000000000e+03
 Matrix order=    3, type= 3, seed=   0,   0,   0,   0, result   9 is +6.7039039649712985e+153
 Matrix order=    3, type= 4, seed=   0,   0,   0,   0, result   9 is +2.0000000000000000e+03
 Matrix order=    3, type= 5, seed=   0,   0,   0,   0, result   9 is +6.7039039649712985e+153
 Matrix order=    3, type= 6, seed=   0,   0,   0,   0, result   9 is +6.7039039649712985e+153
 Matrix order=    5, type= 3, seed=   0,   0,   0,   0, result   9 is +6.7039039649712985e+153
 Matrix order=    5, type= 4, seed=   0,   0,   0,   0, result   9 is +6.7039039649712985e+153
 Matrix order=    5, type= 5, seed=   0,   0,   0,   0, result   9 is +6.7039039649712985e+153
 Matrix order=    5, type= 6, seed=   0,   0,   0,   0, result   9 is +6.7039039649712985e+153
 Matrix order=    5, type= 7, seed=   0,   0,   0,   0, result   9 is +2.0000000000000000e+03
 Matrix order=   20, type= 3, seed=   0,   0,   0,   0, result   9 is +6.7039039649712985e+153
 Matrix order=   20, type= 4, seed=   0,   0,   0,   0, result   9 is +1.5457170656935205e+146
 Matrix order=   20, type= 5, seed=   0,   0,   0,   0, result   9 is +6.7039039649712985e+153
 Matrix order=   20, type= 6, seed=   0,   0,   0,   0, result   9 is +6.7039039649712985e+153
 Matrix order=   20, type= 7, seed=   0,   0,   0,   0, result   9 is +6.7039039649712985e+153
 RST drivers:     18 out of  13464 tests failed to pass the threshold


 SE2:  NB =  10, NBMIN =   2, NX =   1

 All tests for DST passed the threshold (  4440 tests run)

 RST -- Real Symmetric eigenvalue problem
 Matrix types (see xDRVST for details): 

 Special Matrices:
  1=Zero matrix.                          5=Diagonal: clustered entries.
  2=Identity matrix.                      6=Diagonal: large, evenly spaced.
  3=Diagonal: evenly spaced entries.      7=Diagonal: small, evenly spaced.
  4=Diagonal: geometr. spaced entries.
 Dense Symmetric Matrices:
  8=Evenly spaced eigenvals.             12=Small, evenly spaced eigenvals.
  9=Geometrically spaced eigenvals.      13=Matrix with random O(1) entries.
 10=Clustered eigenvalues.               14=Matrix with large random entries.
 11=Large, evenly spaced eigenvals.      15=Matrix with small random entries.

 Tests performed:  See sdrvst.f
 Matrix order=    1, type= 4, seed=   0,   0,   0,   0, result   9 is +6.7039039649712985e+153
 Matrix order=    1, type= 6, seed=   0,   0,   0,   0, result   9 is +6.7039039649712985e+153
 Matrix order=    1, type= 7, seed=   0,   0,   0,   0, result   9 is +6.7039039649712985e+153
 Matrix order=    2, type= 5, seed=   0,   0,   0,   0, result   9 is +6.7039039649712985e+153
 Matrix order=    2, type= 6, seed=   0,   0,   0,   0, result   9 is +2.0000000000000000e+03
 Matrix order=    2, type= 7, seed=   0,   0,   0,   0, result   9 is +6.7039039649712985e+153
 Matrix order=    3, type= 3, seed=   0,   0,   0,   0, result   9 is +6.7039039649712985e+153
 Matrix order=    3, type= 4, seed=   0,   0,   0,   0, result   9 is +6.7039039649712985e+153
 Matrix order=    3, type= 5, seed=   0,   0,   0,   0, result   9 is +6.7039039649712985e+153
 Matrix order=    3, type= 7, seed=   0,   0,   0,   0, result   9 is +6.7039039649712985e+153
 Matrix order=    5, type= 3, seed=   0,   0,   0,   0, result   9 is +6.7039039649712985e+153
 Matrix order=    5, type= 4, seed=   0,   0,   0,   0, result   9 is +6.7039039649712985e+153
 Matrix order=    5, type= 5, seed=   0,   0,   0,   0, result   9 is +2.0000000000000000e+03
 Matrix order=    5, type= 6, seed=   0,   0,   0,   0, result   9 is +6.7039039649712985e+153
 Matrix order=    5, type= 7, seed=   0,   0,   0,   0, result   9 is +6.7039039649712985e+153
 Matrix order=   20, type= 3, seed=   0,   0,   0,   0, result   9 is +6.7039039649712985e+153
 Matrix order=   20, type= 4, seed=   0,   0,   0,   0, result   9 is +6.7039039649712985e+153
 Matrix order=   20, type= 5, seed=   0,   0,   0,   0, result   9 is +6.7039039649712985e+153
 Matrix order=   20, type= 6, seed=   0,   0,   0,   0, result   9 is +6.7039039649712985e+153
 Matrix order=   20, type= 7, seed=   0,   0,   0,   0, result   9 is +6.7039039649712985e+153
 RST drivers:     20 out of  13464 tests failed to pass the threshold


 End of tests
 Total time used =       238.00 seconds

