/bin/bash: ./xlintstrfC_mpfr: No such file or directory
