 Tests of the Multiple precision version of LAPACK MPLAPACK VERSION 1.0.0
 Based on the original LAPACK VERSION 3.9.1

The following parameter values will be used:
        M  :     0     1     2     3     5    10    50
        N  :     0     1     2     3     5    10    50
     NRHS  :     1     2    15
       NB  :     1     3     3     3    20
       NX  :     1     0     5     9     1
     RANK  :    30    50    90

 Routines pass computational tests if test ratio is less than   30.00

 Relative machine underflow is taken to be : 9.53026e-323228497
 Relative machine overflow  is taken to be : 2.09858e+323228496
 Relative machine precision is taken to be : 7.45834e-155
 ZGE routines passed the tests of the error exits

 All tests for ZGE routines passed the threshold (   3653 tests run)
 *** On entry to Cgesv parameter number      1 had an illegal value ***
 *** On entry to Cgesv parameter number      2 had an illegal value ***
 *** On entry to Cgesv parameter number      4 had an illegal value ***
 *** On entry to Cgesv parameter number      7 had an illegal value ***
 *** On entry to Cgesvx parameter number      1 had an illegal value ***
 *** On entry to Cgesvx parameter number      2 had an illegal value ***
 *** On entry to Cgesvx parameter number      3 had an illegal value ***
 *** On entry to Cgesvx parameter number      4 had an illegal value ***
 *** On entry to Cgesvx parameter number      6 had an illegal value ***
 *** On entry to Cgesvx parameter number      8 had an illegal value ***
 *** On entry to Cgesvx parameter number     10 had an illegal value ***
 *** On entry to Cgesvx parameter number     11 had an illegal value ***
 *** On entry to Cgesvx parameter number     12 had an illegal value ***
 *** On entry to Cgesvx parameter number     14 had an illegal value ***
 *** On entry to Cgesvx parameter number     16 had an illegal value ***
 *** CGE drivers failed the tests of the error exits ***

 All tests for CGE drivers  passed the threshold (   5748 tests run)

 End of tests
 Total time used =  39 seconds

 ZGB routines passed the tests of the error exits
