 Tests of the Multiple precision version of LAPACK MPLAPACK VERSION 1.0.0
 Based on the original LAPACK VERSION 3.9.1

The following parameter values will be used:
        M  :     0     1     2     3     5    10    50
        N  :     0     1     2     3     5    10    50
     NRHS  :     1     2    15
       NB  :     1     3     3     3    20
       NX  :     1     0     5     9     1
     RANK  :    30    50    90

 Routines pass computational tests if test ratio is less than   30.00

 Relative machine underflow is taken to be : 9.53026e-323228497
 Relative machine overflow  is taken to be : 2.09858e+323228496
 Relative machine precision is taken to be : 7.45834e-155
 RGE routines passed the tests of the error exits

 All tests for RGE routines passed the threshold (   3653 tests run)
 RGE drivers passed the tests of the error exits

 All tests for RGE drivers  passed the threshold (   5748 tests run)
 RGB routines passed the tests of the error exits

 All tests for RGB routines passed the threshold (  28938 tests run)
 RGB drivers passed the tests of the error exits

 All tests for RGB drivers  passed the threshold (  36567 tests run)
 RGT routines passed the tests of the error exits

 All tests for RGT routines passed the threshold (   2694 tests run)
 RGT drivers passed the tests of the error exits

 All tests for RGT drivers  passed the threshold (   2033 tests run)
 RPO routines passed the tests of the error exits

 All tests for RPO routines passed the threshold (   1628 tests run)
 RPO drivers passed the tests of the error exits

 All tests for RPO drivers  passed the threshold (   1910 tests run)
 RPS routines passed the tests of the error exits

 All tests for RPS routines passed the threshold (    150 tests run)
 RPP routines passed the tests of the error exits

 All tests for RPP routines passed the threshold (   1332 tests run)
 RPP drivers passed the tests of the error exits

 All tests for RPP drivers  passed the threshold (   1910 tests run)
 RPB routines passed the tests of the error exits

 All tests for RPB routines passed the threshold (   3458 tests run)
 RPB drivers passed the tests of the error exits

 All tests for RPB drivers  passed the threshold (   4750 tests run)
 RPT routines passed the tests of the error exits

 All tests for RPT routines passed the threshold (    953 tests run)
 RPT drivers passed the tests of the error exits

 All tests for RPT drivers  passed the threshold (    788 tests run)
 RSY routines passed the tests of the error exits

 All tests for RSY routines passed the threshold (   1846 tests run)
 RSY drivers passed the tests of the error exits

 All tests for RSY drivers  passed the threshold (   1072 tests run)
 RSR routines passed the tests of the error exits

 All tests for RSR routines passed the threshold (   1618 tests run)
 RSR drivers passed the tests of the error exits

 All tests for RSR drivers  passed the threshold (    222 tests run)
 RSK routines passed the tests of the error exits

 All tests for RSK routines passed the threshold (   1618 tests run)
 RSK drivers passed the tests of the error exits

 All tests for RSK drivers  passed the threshold (    222 tests run)
 RSA routines passed the tests of the error exits

 All tests for RSA routines passed the threshold (   1320 tests run)
 RSA drivers passed the tests of the error exits

 All tests for RSA drivers  passed the threshold (    148 tests run)
 RS2 routines passed the tests of the error exits

 All tests for RS2 routines passed the threshold (    666 tests run)
 RS2 drivers passed the tests of the error exits

 All tests for RS2 drivers  passed the threshold (     74 tests run)
 RSP routines passed the tests of the error exits

 All tests for RSP routines passed the threshold (   1404 tests run)
 RSP drivers passed the tests of the error exits

 All tests for RSP drivers  passed the threshold (   1072 tests run)
 RTR routines passed the tests of the error exits

 All tests for RTR routines passed the threshold (   7672 tests run)
 RTP routines passed the tests of the error exits

 All tests for RTP routines passed the threshold (   7392 tests run)
 RTB routines passed the tests of the error exits

 All tests for RTB routines passed the threshold (  19888 tests run)
 RQR routines passed the tests of the error exits

 All tests for RQR routines passed the threshold (  42840 tests run)
 
 RRQ routines passed the tests of the error exits

 All tests for RRQ routines passed the threshold (  28784 tests run)
 RLQ routines passed the tests of the error exits

 All tests for RLQ routines passed the threshold (  28784 tests run)
 RQL routines passed the tests of the error exits

 All tests for RQL routines passed the threshold (  28784 tests run)

 All tests for RQ3 routines passed the threshold (   4410 tests run)
 RTZ routines passed the tests of the error exits

 All tests for RTZ routines passed the threshold (    252 tests run)
 RLS routines passed the tests of the error exits

 RLS:  Least squares driver routines
 Matrix types (1-3: full rank, 4-6: rank deficient):
    1 and 4. Normal scaling
    2 and 5. Scaled near overflow
    3 and 6. Scaled near underflow
 Test ratios:
    (1-2: RGELS, 3-6: RGELSY, 7-10: RGELSS, 11-14: RGELSD, 15-16: 
    1: norm( B - A * X )   / ( max(M,N) * norm(A) * norm(X) * EPS )
    2: norm( (A*X-B)' *A ) / ( max(M,N,NRHS) * norm(A) * norm(B) * EPS )
       if TRANS='N' and M.GE.N or TRANS='T' and M.LT.N, otherwise
       check if X is in the row space of A or A' (overdetermined case)
    3: norm(svd(A)-svd(R)) / ( min(M,N) * norm(svd(R)) * EPS )
    4: norm( B - A * X )   / ( max(M,N) * norm(A) * norm(X) * EPS )
    5: norm( (A*X-B)' *A ) / ( max(M,N,NRHS) * norm(A) * norm(B) * EPS )
    6: Check if X is in the row space of A or A'
    7-10: same as 3-6    11-14: same as 3-6
 Messages:
 M=   50, N=   50, NRHS=   1, NB=   1, type 1, test(12)=+7.0704463644271058e+151
 M=   50, N=   50, NRHS=   1, NB=   3, type 1, test(12)=+7.0704463644271058e+151
 M=   50, N=   50, NRHS=   1, NB=   3, type 1, test(12)=+7.0704463644271058e+151
 M=   50, N=   50, NRHS=   1, NB=   3, type 1, test(12)=+7.0704463644271058e+151
 M=   50, N=   50, NRHS=   1, NB=  20, type 1, test(12)=+7.0704463644271058e+151
 M=   50, N=   50, NRHS=   1, NB=   1, type 2, test(12)=+1.6387310484204530e+152
 M=   50, N=   50, NRHS=   1, NB=   3, type 2, test(12)=+1.6387310484204530e+152
 M=   50, N=   50, NRHS=   1, NB=   3, type 2, test(12)=+1.6387310484204530e+152
 M=   50, N=   50, NRHS=   1, NB=   3, type 2, test(12)=+1.6387310484204530e+152
 M=   50, N=   50, NRHS=   1, NB=  20, type 2, test(12)=+1.6387310484204530e+152
 M=   50, N=   50, NRHS=   1, NB=   1, type 3, test(12)=+4.1943136022096398e+151
 M=   50, N=   50, NRHS=   1, NB=   3, type 3, test(12)=+4.1943136022096398e+151
 M=   50, N=   50, NRHS=   1, NB=   3, type 3, test(12)=+4.1943136022096398e+151
 M=   50, N=   50, NRHS=   1, NB=   3, type 3, test(12)=+4.1943136022096398e+151
 M=   50, N=   50, NRHS=   1, NB=  20, type 3, test(12)=+4.1943136022096398e+151
 M=   50, N=   50, NRHS=   1, NB=   1, type 4, test(12)=+1.3407807929942597e+154
 M=   50, N=   50, NRHS=   1, NB=   1, type 4, test(13)=+3.7195581459317451e+150
 M=   50, N=   50, NRHS=   1, NB=   3, type 4, test(12)=+1.3407807929942597e+154
 M=   50, N=   50, NRHS=   1, NB=   3, type 4, test(13)=+3.7195581459317451e+150
 M=   50, N=   50, NRHS=   1, NB=   3, type 4, test(12)=+1.3407807929942597e+154
 M=   50, N=   50, NRHS=   1, NB=   3, type 4, test(13)=+3.7195581459317451e+150
 M=   50, N=   50, NRHS=   1, NB=   3, type 4, test(12)=+1.3407807929942597e+154
 M=   50, N=   50, NRHS=   1, NB=   3, type 4, test(13)=+3.7195581459317451e+150
 M=   50, N=   50, NRHS=   1, NB=  20, type 4, test(12)=+1.3407807929942597e+154
 M=   50, N=   50, NRHS=   1, NB=  20, type 4, test(13)=+3.7195581459317451e+150
 M=   50, N=   50, NRHS=   1, NB=   1, type 5, test(12)=+1.3407807929942597e+154
 M=   50, N=   50, NRHS=   1, NB=   1, type 5, test(13)=+3.1178653478906600e+150
 M=   50, N=   50, NRHS=   1, NB=   3, type 5, test(12)=+1.3407807929942597e+154
 M=   50, N=   50, NRHS=   1, NB=   3, type 5, test(13)=+3.1178653478906600e+150
 M=   50, N=   50, NRHS=   1, NB=   3, type 5, test(12)=+1.3407807929942597e+154
 M=   50, N=   50, NRHS=   1, NB=   3, type 5, test(13)=+3.1178653478906600e+150
 M=   50, N=   50, NRHS=   1, NB=   3, type 5, test(12)=+1.3407807929942597e+154
 M=   50, N=   50, NRHS=   1, NB=   3, type 5, test(13)=+3.1178653478906600e+150
 M=   50, N=   50, NRHS=   1, NB=  20, type 5, test(12)=+1.3407807929942597e+154
 M=   50, N=   50, NRHS=   1, NB=  20, type 5, test(13)=+3.1178653478906600e+150
 M=   50, N=   50, NRHS=   1, NB=   1, type 6, test(12)=+1.3407807929942597e+154
 M=   50, N=   50, NRHS=   1, NB=   1, type 6, test(13)=+2.4874698731614297e+150
 M=   50, N=   50, NRHS=   1, NB=   3, type 6, test(12)=+1.3407807929942597e+154
 M=   50, N=   50, NRHS=   1, NB=   3, type 6, test(13)=+2.4874698731614297e+150
 M=   50, N=   50, NRHS=   1, NB=   3, type 6, test(12)=+1.3407807929942597e+154
 M=   50, N=   50, NRHS=   1, NB=   3, type 6, test(13)=+2.4874698731614297e+150
 M=   50, N=   50, NRHS=   1, NB=   3, type 6, test(12)=+1.3407807929942597e+154
 M=   50, N=   50, NRHS=   1, NB=   3, type 6, test(13)=+2.4874698731614297e+150
 M=   50, N=   50, NRHS=   1, NB=  20, type 6, test(12)=+1.3407807929942597e+154
 M=   50, N=   50, NRHS=   1, NB=  20, type 6, test(13)=+2.4874698731614297e+150
 M=   50, N=   50, NRHS=   2, NB=   1, type 1, test(12)=+9.3872431899311773e+152
 M=   50, N=   50, NRHS=   2, NB=   3, type 1, test(12)=+9.3872431899311773e+152
 M=   50, N=   50, NRHS=   2, NB=   3, type 1, test(12)=+9.3872431899311773e+152
 M=   50, N=   50, NRHS=   2, NB=   3, type 1, test(12)=+9.3872431899311773e+152
 M=   50, N=   50, NRHS=   2, NB=  20, type 1, test(12)=+9.3872431899311773e+152
 M=   50, N=   50, NRHS=   2, NB=   1, type 2, test(12)=+4.0678735358983594e+152
 M=   50, N=   50, NRHS=   2, NB=   3, type 2, test(12)=+4.0678735358983594e+152
 M=   50, N=   50, NRHS=   2, NB=   3, type 2, test(12)=+4.0678735358983594e+152
 M=   50, N=   50, NRHS=   2, NB=   3, type 2, test(12)=+4.0678735358983594e+152
 M=   50, N=   50, NRHS=   2, NB=  20, type 2, test(12)=+4.0678735358983594e+152
 M=   50, N=   50, NRHS=   2, NB=   1, type 3, test(12)=+2.1649439373544583e+152
 M=   50, N=   50, NRHS=   2, NB=   3, type 3, test(12)=+2.1649439373544583e+152
 M=   50, N=   50, NRHS=   2, NB=   3, type 3, test(12)=+2.1649439373544583e+152
 M=   50, N=   50, NRHS=   2, NB=   3, type 3, test(12)=+2.1649439373544583e+152
 M=   50, N=   50, NRHS=   2, NB=  20, type 3, test(12)=+2.1649439373544583e+152
 M=   50, N=   50, NRHS=   2, NB=   1, type 4, test(12)=+1.3407807929942597e+154
 M=   50, N=   50, NRHS=   2, NB=   1, type 4, test(13)=+4.9037764698439251e+150
 M=   50, N=   50, NRHS=   2, NB=   3, type 4, test(12)=+1.3407807929942597e+154
 M=   50, N=   50, NRHS=   2, NB=   3, type 4, test(13)=+4.9037764698439251e+150
 M=   50, N=   50, NRHS=   2, NB=   3, type 4, test(12)=+1.3407807929942597e+154
 M=   50, N=   50, NRHS=   2, NB=   3, type 4, test(13)=+4.9037764698439251e+150
 M=   50, N=   50, NRHS=   2, NB=   3, type 4, test(12)=+1.3407807929942597e+154
 M=   50, N=   50, NRHS=   2, NB=   3, type 4, test(13)=+4.9037764698439251e+150
 M=   50, N=   50, NRHS=   2, NB=  20, type 4, test(12)=+1.3407807929942597e+154
 M=   50, N=   50, NRHS=   2, NB=  20, type 4, test(13)=+4.9037764698439251e+150
 M=   50, N=   50, NRHS=   2, NB=   1, type 5, test(12)=+1.3407807929942597e+154
 M=   50, N=   50, NRHS=   2, NB=   1, type 5, test(13)=+4.2234299385499259e+150
 M=   50, N=   50, NRHS=   2, NB=   3, type 5, test(12)=+1.3407807929942597e+154
 M=   50, N=   50, NRHS=   2, NB=   3, type 5, test(13)=+4.2234299385499259e+150
 M=   50, N=   50, NRHS=   2, NB=   3, type 5, test(12)=+1.3407807929942597e+154
 M=   50, N=   50, NRHS=   2, NB=   3, type 5, test(13)=+4.2234299385499259e+150
 M=   50, N=   50, NRHS=   2, NB=   3, type 5, test(12)=+1.3407807929942597e+154
 M=   50, N=   50, NRHS=   2, NB=   3, type 5, test(13)=+4.2234299385499259e+150
 M=   50, N=   50, NRHS=   2, NB=  20, type 5, test(12)=+1.3407807929942597e+154
 M=   50, N=   50, NRHS=   2, NB=  20, type 5, test(13)=+4.2234299385499259e+150
 M=   50, N=   50, NRHS=   2, NB=   1, type 6, test(12)=+1.3407807929942597e+154
 M=   50, N=   50, NRHS=   2, NB=   1, type 6, test(13)=+5.9534534418565705e+150
 M=   50, N=   50, NRHS=   2, NB=   3, type 6, test(12)=+1.3407807929942597e+154
 M=   50, N=   50, NRHS=   2, NB=   3, type 6, test(13)=+5.9534534418565705e+150
 M=   50, N=   50, NRHS=   2, NB=   3, type 6, test(12)=+1.3407807929942597e+154
 M=   50, N=   50, NRHS=   2, NB=   3, type 6, test(13)=+5.9534534418565705e+150
 M=   50, N=   50, NRHS=   2, NB=   3, type 6, test(12)=+1.3407807929942597e+154
 M=   50, N=   50, NRHS=   2, NB=   3, type 6, test(13)=+5.9534534418565705e+150
 M=   50, N=   50, NRHS=   2, NB=  20, type 6, test(12)=+1.3407807929942597e+154
 M=   50, N=   50, NRHS=   2, NB=  20, type 6, test(13)=+5.9534534418565705e+150
 M=   50, N=   50, NRHS=  15, NB=   1, type 1, test(12)=+6.9245056323006873e+153
 M=   50, N=   50, NRHS=  15, NB=   3, type 1, test(12)=+6.9245056323006873e+153
 M=   50, N=   50, NRHS=  15, NB=   3, type 1, test(12)=+6.9245056323006873e+153
 M=   50, N=   50, NRHS=  15, NB=   3, type 1, test(12)=+6.9245056323006873e+153
 M=   50, N=   50, NRHS=  15, NB=  20, type 1, test(12)=+6.9245056323006873e+153
 M=   50, N=   50, NRHS=  15, NB=   1, type 2, test(12)=+7.3355139874917832e+152
 M=   50, N=   50, NRHS=  15, NB=   3, type 2, test(12)=+7.3355139874917832e+152
 M=   50, N=   50, NRHS=  15, NB=   3, type 2, test(12)=+7.3355139874917832e+152
 M=   50, N=   50, NRHS=  15, NB=   3, type 2, test(12)=+7.3355139874917832e+152
 M=   50, N=   50, NRHS=  15, NB=  20, type 2, test(12)=+7.3355139874917832e+152
 M=   50, N=   50, NRHS=  15, NB=   1, type 3, test(12)=+3.8050937622578065e+153
 M=   50, N=   50, NRHS=  15, NB=   3, type 3, test(12)=+3.8050937622578065e+153
 M=   50, N=   50, NRHS=  15, NB=   3, type 3, test(12)=+3.8050937622578065e+153
 M=   50, N=   50, NRHS=  15, NB=   3, type 3, test(12)=+3.8050937622578065e+153
 M=   50, N=   50, NRHS=  15, NB=  20, type 3, test(12)=+3.8050937622578065e+153
 M=   50, N=   50, NRHS=  15, NB=   1, type 4, test(12)=+1.3407807929942597e+154
 M=   50, N=   50, NRHS=  15, NB=   1, type 4, test(13)=+1.9621585757052428e+151
 M=   50, N=   50, NRHS=  15, NB=   3, type 4, test(12)=+1.3407807929942597e+154
 M=   50, N=   50, NRHS=  15, NB=   3, type 4, test(13)=+1.9621585757052428e+151
 M=   50, N=   50, NRHS=  15, NB=   3, type 4, test(12)=+1.3407807929942597e+154
 M=   50, N=   50, NRHS=  15, NB=   3, type 4, test(13)=+1.9621585757052428e+151
 M=   50, N=   50, NRHS=  15, NB=   3, type 4, test(12)=+1.3407807929942597e+154
 M=   50, N=   50, NRHS=  15, NB=   3, type 4, test(13)=+1.9621585757052428e+151
 M=   50, N=   50, NRHS=  15, NB=  20, type 4, test(12)=+1.3407807929942597e+154
 M=   50, N=   50, NRHS=  15, NB=  20, type 4, test(13)=+1.9621585757052428e+151
 M=   50, N=   50, NRHS=  15, NB=   1, type 5, test(12)=+1.3407807929942597e+154
 M=   50, N=   50, NRHS=  15, NB=   1, type 5, test(13)=+2.8456533138599651e+151
 M=   50, N=   50, NRHS=  15, NB=   3, type 5, test(12)=+1.3407807929942597e+154
 M=   50, N=   50, NRHS=  15, NB=   3, type 5, test(13)=+2.8456533138599651e+151
 M=   50, N=   50, NRHS=  15, NB=   3, type 5, test(12)=+1.3407807929942597e+154
 M=   50, N=   50, NRHS=  15, NB=   3, type 5, test(13)=+2.8456533138599651e+151
 M=   50, N=   50, NRHS=  15, NB=   3, type 5, test(12)=+1.3407807929942597e+154
 M=   50, N=   50, NRHS=  15, NB=   3, type 5, test(13)=+2.8456533138599651e+151
 M=   50, N=   50, NRHS=  15, NB=  20, type 5, test(12)=+1.3407807929942597e+154
 M=   50, N=   50, NRHS=  15, NB=  20, type 5, test(13)=+2.8456533138599651e+151
 M=   50, N=   50, NRHS=  15, NB=   1, type 6, test(12)=+1.3407807929942597e+154
 M=   50, N=   50, NRHS=  15, NB=   1, type 6, test(13)=+2.4266046628317221e+151
 M=   50, N=   50, NRHS=  15, NB=   3, type 6, test(12)=+1.3407807929942597e+154
 M=   50, N=   50, NRHS=  15, NB=   3, type 6, test(13)=+2.4266046628317221e+151
 M=   50, N=   50, NRHS=  15, NB=   3, type 6, test(12)=+1.3407807929942597e+154
 M=   50, N=   50, NRHS=  15, NB=   3, type 6, test(13)=+2.4266046628317221e+151
 M=   50, N=   50, NRHS=  15, NB=   3, type 6, test(12)=+1.3407807929942597e+154
 M=   50, N=   50, NRHS=  15, NB=   3, type 6, test(13)=+2.4266046628317221e+151
 M=   50, N=   50, NRHS=  15, NB=  20, type 6, test(12)=+1.3407807929942597e+154
 M=   50, N=   50, NRHS=  15, NB=  20, type 6, test(13)=+2.4266046628317221e+151
 RLS drivers:    135 out of 105840 tests failed to pass the threshold
 All tests for REQ routines passed the threshold
 RTQ routines passed the tests of the error exits

 All tests for RTQ routines passed the threshold (    510 tests run)
 
 RXQ routines passed the tests of the error exits

 All tests for RXQ routines passed the threshold (   1482 tests run)
 RXQ routines passed the tests of the error exits

 All tests for RXQ routines passed the threshold (   1482 tests run)
 RTQ routines passed the tests of the error exits

 All tests for RTQ routines passed the threshold (    510 tests run)
 
 RTS routines passed the tests of the error exits

 All tests for RTS routines passed the threshold (  10800 tests run)
 
 RHH routines passed the tests of the error exits

 All tests for RHH routines passed the threshold (  15900 tests run)

 End of tests
 Total time used =  646 seconds

