/bin/bash: ./xlintstrfR_mpfr: No such file or directory
