 Tests of the Singular Value Decomposition routines
 Tests of the Multiple precision version of LAPACK MPLAPACK VERSION 1.0.0
 Based on original LAPACK VERSION 3.9.1

The following parameter values will be used:
    M:         0     0     0     1     1     1     2     2     3     3
               3    10    10    16    16    30    30    40    40
    N:         0     1     3     0     1     2     0     1     0     1
               3    10    16    10    16    30    40    30    40
    NB:        1     3     3     3    20
    NBMIN:     2     2     2     2     2
    NX:        1     0     5     9     1
    NS:        2     0     2     2     2
 
 Relative machine underflow is taken to be1.6259745436952323e-260
 Relative machine overflow  is taken to be1.9958403095347197e+292
 Relative machine precision is taken to be1.2154326714572501e-63

 Routines pass computational tests if test ratio is less than5.0000000000000000e+01

 DBD routines passed the tests of the error exits ( 55 tests done)
 Rgesvd passed the tests of the error exits (  8 tests done)
 Rgesdd passed the tests of the error exits (  6 tests done)
 Rgejsv passed the tests of the error exits ( 11 tests done)
 Rgesvdx passed the tests of the error exits ( 12 tests done)
 Rgesvdq passed the tests of the error exits ( 11 tests done)


 SVD:  NB =   1, NBMIN =   2, NX =   1, NRHS =   2

 All tests for DBD routines passed the threshold (  10260 tests run)
 SVD -- Real Singular Value Decomposition Driver 
 Matrix types (see Rdrvbd for details):

 1 = Zero matrix
 2 = Identity matrix
 3 = Evenly spaced singular values near 1
 4 = Evenly spaced singular values near underflow
 5 = Evenly spaced singular values near overflow

 Tests performed: ( A is dense, U and V are orthogonal,
                    S is an array, and Upartial, VTpartial, and
                    Spartial are partially computed U, VT and S),

 1 = | A - U diag(S) VT | / ( |A| max(M,N) ulp ) 
 2 = | I - U**T U | / ( M ulp ) 
 3 = | I - VT VT**T | / ( N ulp ) 
 4 = 0 if S contains min(M,N) nonnegative values in decreasing order, else 1/ulp
 5 = | U - Upartial | / ( M ulp )
 6 = | VT - VTpartial | / ( N ulp )
 7 = | S - Spartial | / ( min(M,N) ulp |S| )
 8 = | A - U diag(S) VT | / ( |A| max(M,N) ulp ) 
 9 = | I - U**T U | / ( M ulp ) 
10 = | I - VT VT**T | / ( N ulp ) 
11 = 0 if S contains min(M,N) nonnegative values in decreasing order, else 1/ulp
12 = | U - Upartial | / ( M ulp )
13 = | VT - VTpartial | / ( N ulp )
14 = | S - Spartial | / ( min(M,N) ulp |S| )
15 = | A - U diag(S) VT | / ( |A| max(M,N) ulp ) 
16 = | I - U**T U | / ( M ulp ) 
17 = | I - VT VT**T | / ( N ulp ) 
18 = 0 if S contains min(M,N) nonnegative values in decreasing order, else 1/ulp
19 = | U - Upartial | / ( M ulp )
20 = | VT - VTpartial | / ( N ulp )
21 = | S - Spartial | / ( min(M,N) ulp |S| )
22 = 0 if S contains min(M,N) nonnegative values in decreasing order, else 1/ulp
23 = | A - U diag(S) VT | / ( |A| max(M,N) ulp ), Rgesvdx(V,V,A) 
24 = | I - U**T U | / ( M ulp ) 
25 = | I - VT VT**T | / ( N ulp ) 
26 = 0 if S contains min(M,N) nonnegative values in decreasing order, else 1/ulp
27 = | U - Upartial | / ( M ulp )
28 = | VT - VTpartial | / ( N ulp )
29 = | S - Spartial | / ( min(M,N) ulp |S| )
30 = | U**T A VT**T - diag(S) | / ( |A| max(M,N) ulp ), Rgesvdx(V,V,I) 
31 = | I - U**T U | / ( M ulp ) 
32 = | I - VT VT**T | / ( N ulp ) 
33 = | U**T A VT**T - diag(S) | / ( |A| max(M,N) ulp ), Rgesvdx(V,V,V) 
34 = | I - U**T U | / ( M ulp ) 
35 = | I - VT VT**T | / ( N ulp )  Rgesvdq(H,N,N,A,A
36 = | A - U diag(S) VT | / ( |A| max(M,N) ulp ) 
37 = | I - U**T U | / ( M ulp ) 
38 = | I - VT VT**T | / ( N ulp ) 
39 = 0 if S contains min(M,N) nonnegative values in decreasing order, else 1/ulp


 M=    3, N=    3, type 4, IWS=1, seed=T,  15,1.2676506002282338e+30,
 M=    3, N=    3, type 4, IWS=2, seed=T,  15,1.2676506002282338e+30,
 M=    3, N=    3, type 4, IWS=3, seed=T,  15,1.2676506002282338e+30,
 M=    3, N=    3, type 4, IWS=4, seed=T,  15,1.2676506002282338e+30,
 M=   10, N=   10, type 4, IWS=1, seed=T,  15,3.8029518006847014e+29,
 M=   10, N=   10, type 4, IWS=2, seed=T,  15,3.8029518006847014e+29,
 M=   10, N=   10, type 4, IWS=3, seed=T,  15,3.8029518006847014e+29,
 M=   10, N=   10, type 4, IWS=4, seed=T,  15,3.8029518006847014e+29,
 M=   16, N=   10, type 4, IWS=1, seed=T,  15,3.8029518006847014e+29,
 M=   16, N=   10, type 4, IWS=2, seed=T,  15,3.8029518006847014e+29,
 M=   16, N=   10, type 4, IWS=3, seed=T,  15,3.8029518006847014e+29,
 M=   16, N=   10, type 4, IWS=4, seed=T,  15,3.8029518006847014e+29,
 M=   16, N=   16, type 4, IWS=1, seed=T,  15,2.3768448754279384e+29,
 M=   16, N=   16, type 4, IWS=2, seed=T,  15,2.3768448754279384e+29,
 M=   16, N=   16, type 4, IWS=3, seed=T,  15,2.3768448754279384e+29,
 M=   16, N=   16, type 4, IWS=4, seed=T,  15,2.3768448754279384e+29,
 M=   30, N=   30, type 4, IWS=1, seed=T,  15,1.2676506002282338e+29,
 M=   30, N=   30, type 4, IWS=2, seed=T,  15,1.2676506002282338e+29,
 M=   30, N=   30, type 4, IWS=3, seed=T,  15,1.2676506002282338e+29,
 M=   30, N=   30, type 4, IWS=4, seed=T,  15,1.2676506002282338e+29,
 M=   40, N=   30, type 4, IWS=1, seed=T,  15,1.2676506002282338e+29,
 M=   40, N=   30, type 4, IWS=2, seed=T,  15,1.2676506002282338e+29,
 M=   40, N=   30, type 4, IWS=3, seed=T,  15,1.2676506002282338e+29,
 M=   40, N=   30, type 4, IWS=4, seed=T,  15,1.2676506002282338e+29,
 M=   40, N=   40, type 4, IWS=1, seed=T,  15,9.5073795017117536e+28,
 M=   40, N=   40, type 4, IWS=2, seed=T,  15,9.5073795017117536e+28,
 M=   40, N=   40, type 4, IWS=3, seed=T,  15,9.5073795017117536e+28,
 M=   40, N=   40, type 4, IWS=4, seed=T,  15,9.5073795017117536e+28,
 DBD drivers:     28 out of  14820 tests failed to pass the threshold


 SVD:  NB =   3, NBMIN =   2, NX =   0, NRHS =   0

 All tests for DBD routines passed the threshold (  10260 tests run)
 SVD -- Real Singular Value Decomposition Driver 
 Matrix types (see Rdrvbd for details):

 1 = Zero matrix
 2 = Identity matrix
 3 = Evenly spaced singular values near 1
 4 = Evenly spaced singular values near underflow
 5 = Evenly spaced singular values near overflow

 Tests performed: ( A is dense, U and V are orthogonal,
                    S is an array, and Upartial, VTpartial, and
                    Spartial are partially computed U, VT and S),

 1 = | A - U diag(S) VT | / ( |A| max(M,N) ulp ) 
 2 = | I - U**T U | / ( M ulp ) 
 3 = | I - VT VT**T | / ( N ulp ) 
 4 = 0 if S contains min(M,N) nonnegative values in decreasing order, else 1/ulp
 5 = | U - Upartial | / ( M ulp )
 6 = | VT - VTpartial | / ( N ulp )
 7 = | S - Spartial | / ( min(M,N) ulp |S| )
 8 = | A - U diag(S) VT | / ( |A| max(M,N) ulp ) 
 9 = | I - U**T U | / ( M ulp ) 
10 = | I - VT VT**T | / ( N ulp ) 
11 = 0 if S contains min(M,N) nonnegative values in decreasing order, else 1/ulp
12 = | U - Upartial | / ( M ulp )
13 = | VT - VTpartial | / ( N ulp )
14 = | S - Spartial | / ( min(M,N) ulp |S| )
15 = | A - U diag(S) VT | / ( |A| max(M,N) ulp ) 
16 = | I - U**T U | / ( M ulp ) 
17 = | I - VT VT**T | / ( N ulp ) 
18 = 0 if S contains min(M,N) nonnegative values in decreasing order, else 1/ulp
19 = | U - Upartial | / ( M ulp )
20 = | VT - VTpartial | / ( N ulp )
21 = | S - Spartial | / ( min(M,N) ulp |S| )
22 = 0 if S contains min(M,N) nonnegative values in decreasing order, else 1/ulp
23 = | A - U diag(S) VT | / ( |A| max(M,N) ulp ), Rgesvdx(V,V,A) 
24 = | I - U**T U | / ( M ulp ) 
25 = | I - VT VT**T | / ( N ulp ) 
26 = 0 if S contains min(M,N) nonnegative values in decreasing order, else 1/ulp
27 = | U - Upartial | / ( M ulp )
28 = | VT - VTpartial | / ( N ulp )
29 = | S - Spartial | / ( min(M,N) ulp |S| )
30 = | U**T A VT**T - diag(S) | / ( |A| max(M,N) ulp ), Rgesvdx(V,V,I) 
31 = | I - U**T U | / ( M ulp ) 
32 = | I - VT VT**T | / ( N ulp ) 
33 = | U**T A VT**T - diag(S) | / ( |A| max(M,N) ulp ), Rgesvdx(V,V,V) 
34 = | I - U**T U | / ( M ulp ) 
35 = | I - VT VT**T | / ( N ulp )  Rgesvdq(H,N,N,A,A
36 = | A - U diag(S) VT | / ( |A| max(M,N) ulp ) 
37 = | I - U**T U | / ( M ulp ) 
38 = | I - VT VT**T | / ( N ulp ) 
39 = 0 if S contains min(M,N) nonnegative values in decreasing order, else 1/ulp


 M=    3, N=    3, type 4, IWS=1, seed=T,  15,1.2676506002282338e+30,
 M=    3, N=    3, type 4, IWS=2, seed=T,  15,1.2676506002282338e+30,
 M=    3, N=    3, type 4, IWS=3, seed=T,  15,1.2676506002282338e+30,
 M=    3, N=    3, type 4, IWS=4, seed=T,  15,1.2676506002282338e+30,
 M=   10, N=   10, type 4, IWS=1, seed=T,  15,3.8029518006847014e+29,
 M=   10, N=   10, type 4, IWS=2, seed=T,  15,3.8029518006847014e+29,
 M=   10, N=   10, type 4, IWS=3, seed=T,  15,3.8029518006847014e+29,
 M=   10, N=   10, type 4, IWS=4, seed=T,  15,3.8029518006847014e+29,
 M=   16, N=   10, type 4, IWS=1, seed=T,  15,3.8029518006847014e+29,
 M=   16, N=   10, type 4, IWS=2, seed=T,  15,3.8029518006847014e+29,
 M=   16, N=   10, type 4, IWS=3, seed=T,  15,3.8029518006847014e+29,
 M=   16, N=   10, type 4, IWS=4, seed=T,  15,3.8029518006847014e+29,
 M=   16, N=   16, type 4, IWS=1, seed=T,  15,2.3768448754279384e+29,
 M=   16, N=   16, type 4, IWS=2, seed=T,  15,2.3768448754279384e+29,
 M=   16, N=   16, type 4, IWS=3, seed=T,  15,2.3768448754279384e+29,
 M=   16, N=   16, type 4, IWS=4, seed=T,  15,2.3768448754279384e+29,
 M=   30, N=   30, type 4, IWS=1, seed=T,  15,1.2676506002282338e+29,
 M=   30, N=   30, type 4, IWS=2, seed=T,  15,1.2676506002282338e+29,
 M=   30, N=   30, type 4, IWS=3, seed=T,  15,1.2676506002282338e+29,
 M=   30, N=   30, type 4, IWS=4, seed=T,  15,1.2676506002282338e+29,
 M=   40, N=   30, type 4, IWS=1, seed=T,  15,1.2676506002282338e+29,
 M=   40, N=   30, type 4, IWS=2, seed=T,  15,1.2676506002282338e+29,
 M=   40, N=   30, type 4, IWS=3, seed=T,  15,1.2676506002282338e+29,
 M=   40, N=   30, type 4, IWS=4, seed=T,  15,1.2676506002282338e+29,
 M=   40, N=   40, type 4, IWS=1, seed=T,  15,9.5073795017117536e+28,
 M=   40, N=   40, type 4, IWS=2, seed=T,  15,9.5073795017117536e+28,
 M=   40, N=   40, type 4, IWS=3, seed=T,  15,9.5073795017117536e+28,
 M=   40, N=   40, type 4, IWS=4, seed=T,  15,9.5073795017117536e+28,
 DBD drivers:     28 out of  14820 tests failed to pass the threshold


 SVD:  NB =   3, NBMIN =   2, NX =   5, NRHS =   2

 DBD -- Real Singular Value Decomposition
 Matrix types (see xCHKBD for details):
 Diagonal matrices:
   1: Zero                             5: Clustered entries
   2: Identity                         6: Large, evenly spaced entries
   3: Evenly spaced entries            7: Small, evenly spaced entries
   4: Geometrically spaced entries
 General matrices:
   8: Evenly spaced sing. vals.       12: Small, evenly spaced sing vals
   9: Geometrically spaced sing vals  13: Random, O(1) entries
  10: Clustered sing. vals.           14: Random, scaled near overflow
  11: Large, evenly spaced sing vals  15: Random, scaled near underflow

 Test ratios:  (B: bidiagonal, S: diagonal, Q, P, U, and V: orthogonal
                X: m x nrhs, Y = Q' X, and Z = U' Y)
   1: norm( A - Q B P' ) / ( norm(A) max(m,n) ulp )
   2: norm( I - Q' Q )   / ( m ulp )
   3: norm( I - P' P )   / ( n ulp )
   4: norm( B - U S V' ) / ( norm(B) min(m,n) ulp )
   5: norm( Y - U Z )    / ( norm(Z) max(min(m,n),k) ulp )
   6: norm( I - U' U )   / ( min(m,n) ulp )
   7: norm( I - V' V )   / ( min(m,n) ulp )
   8: Test ordering of S  (0 if nondecreasing, 1/ulp  otherwise)
   9: norm( S - S1 )     / ( norm(S) ulp ), where S1 is computed
                                            without computing U and V'
  10: Sturm sequence test (0 if sing. vals of B within THRESH of S)
  11: norm( A - (QU) S (V' P') ) / ( norm(A) max(m,n) ulp )
  12: norm( X - (QU) Z )         / ( |X| max(M,k) ulp )
  13: norm( I - (QU)'(QU) )      / ( M ulp )
  14: norm( I - (V' P') (P V) )  / ( N ulp )
  15: norm( B - U S V' ) / ( norm(B) min(m,n) ulp )
  16: norm( I - U' U )   / ( min(m,n) ulp )
  17: norm( I - V' V )   / ( min(m,n) ulp )
  18: Test ordering of S  (0 if nondecreasing, 1/ulp  otherwise)
  19: norm( S - S1 )     / ( norm(S) ulp ), where S1 is computed
                                            without computing U and V'
  20: norm( B - U S V' )  / ( norm(B) min(m,n) ulp )  DBDSVX(V,A)
  21: norm( I - U' U )    / ( min(m,n) ulp )
  22: norm( I - V' V )    / ( min(m,n) ulp )
  23: Test ordering of S  (0 if nondecreasing, 1/ulp  otherwise)
  24: norm( S - S1 )      / ( norm(S) ulp ), where S1 is computed
                                             without computing U and V'
  25: norm( S - U' B V ) / ( norm(B) n ulp )  DBDSVX(V,I)
  26: norm( I - U' U )    / ( min(m,n) ulp )
  27: norm( I - V' V )    / ( min(m,n) ulp )
  28: Test ordering of S  (0 if nondecreasing, 1/ulp  otherwise)
  29: norm( S - S1 )      / ( norm(S) ulp ), where S1 is computed
                                             without computing U and V'
  30: norm( S - U' B V ) / ( norm(B) n ulp )  DBDSVX(V,V)
  31: norm( I - U' U )    / ( min(m,n) ulp )
  32: norm( I - V' V )    / ( min(m,n) ulp )
  33: Test ordering of S  (0 if nondecreasing, 1/ulp  otherwise)
  34: norm( S - S1 )      / ( norm(S) ulp ), where S1 is computed
                                             without computing U and V'
 M=   30, N=   30, type 16, seed=   0,   0,   0,   1, test( 9)=5.0325666834290571e+43
 M=   40, N=   30, type 16, seed=   0,   0,   0,   1, test( 9)=1.2969756694984408e+03
 DBD:      2 out of  10260 tests failed to pass the threshold
 SVD -- Real Singular Value Decomposition Driver 
 Matrix types (see Rdrvbd for details):

 1 = Zero matrix
 2 = Identity matrix
 3 = Evenly spaced singular values near 1
 4 = Evenly spaced singular values near underflow
 5 = Evenly spaced singular values near overflow

 Tests performed: ( A is dense, U and V are orthogonal,
                    S is an array, and Upartial, VTpartial, and
                    Spartial are partially computed U, VT and S),

 1 = | A - U diag(S) VT | / ( |A| max(M,N) ulp ) 
 2 = | I - U**T U | / ( M ulp ) 
 3 = | I - VT VT**T | / ( N ulp ) 
 4 = 0 if S contains min(M,N) nonnegative values in decreasing order, else 1/ulp
 5 = | U - Upartial | / ( M ulp )
 6 = | VT - VTpartial | / ( N ulp )
 7 = | S - Spartial | / ( min(M,N) ulp |S| )
 8 = | A - U diag(S) VT | / ( |A| max(M,N) ulp ) 
 9 = | I - U**T U | / ( M ulp ) 
10 = | I - VT VT**T | / ( N ulp ) 
11 = 0 if S contains min(M,N) nonnegative values in decreasing order, else 1/ulp
12 = | U - Upartial | / ( M ulp )
13 = | VT - VTpartial | / ( N ulp )
14 = | S - Spartial | / ( min(M,N) ulp |S| )
15 = | A - U diag(S) VT | / ( |A| max(M,N) ulp ) 
16 = | I - U**T U | / ( M ulp ) 
17 = | I - VT VT**T | / ( N ulp ) 
18 = 0 if S contains min(M,N) nonnegative values in decreasing order, else 1/ulp
19 = | U - Upartial | / ( M ulp )
20 = | VT - VTpartial | / ( N ulp )
21 = | S - Spartial | / ( min(M,N) ulp |S| )
22 = 0 if S contains min(M,N) nonnegative values in decreasing order, else 1/ulp
23 = | A - U diag(S) VT | / ( |A| max(M,N) ulp ), Rgesvdx(V,V,A) 
24 = | I - U**T U | / ( M ulp ) 
25 = | I - VT VT**T | / ( N ulp ) 
26 = 0 if S contains min(M,N) nonnegative values in decreasing order, else 1/ulp
27 = | U - Upartial | / ( M ulp )
28 = | VT - VTpartial | / ( N ulp )
29 = | S - Spartial | / ( min(M,N) ulp |S| )
30 = | U**T A VT**T - diag(S) | / ( |A| max(M,N) ulp ), Rgesvdx(V,V,I) 
31 = | I - U**T U | / ( M ulp ) 
32 = | I - VT VT**T | / ( N ulp ) 
33 = | U**T A VT**T - diag(S) | / ( |A| max(M,N) ulp ), Rgesvdx(V,V,V) 
34 = | I - U**T U | / ( M ulp ) 
35 = | I - VT VT**T | / ( N ulp )  Rgesvdq(H,N,N,A,A
36 = | A - U diag(S) VT | / ( |A| max(M,N) ulp ) 
37 = | I - U**T U | / ( M ulp ) 
38 = | I - VT VT**T | / ( N ulp ) 
39 = 0 if S contains min(M,N) nonnegative values in decreasing order, else 1/ulp


 M=    3, N=    3, type 4, IWS=1, seed=T,  15,1.2676506002282338e+30,
 M=    3, N=    3, type 4, IWS=2, seed=T,  15,1.2676506002282338e+30,
 M=    3, N=    3, type 4, IWS=3, seed=T,  15,1.2676506002282338e+30,
 M=    3, N=    3, type 4, IWS=4, seed=T,  15,1.2676506002282338e+30,
 M=   10, N=   10, type 4, IWS=1, seed=T,  15,3.8029518006847014e+29,
 M=   10, N=   10, type 4, IWS=2, seed=T,  15,3.8029518006847014e+29,
 M=   10, N=   10, type 4, IWS=3, seed=T,  15,3.8029518006847014e+29,
 M=   10, N=   10, type 4, IWS=4, seed=T,  15,3.8029518006847014e+29,
 M=   16, N=   10, type 4, IWS=1, seed=T,  15,3.8029518006847014e+29,
 M=   16, N=   10, type 4, IWS=2, seed=T,  15,3.8029518006847014e+29,
 M=   16, N=   10, type 4, IWS=3, seed=T,  15,3.8029518006847014e+29,
 M=   16, N=   10, type 4, IWS=4, seed=T,  15,3.8029518006847014e+29,
 M=   16, N=   16, type 4, IWS=1, seed=T,  15,2.3768448754279384e+29,
 M=   16, N=   16, type 4, IWS=2, seed=T,  15,2.3768448754279384e+29,
 M=   16, N=   16, type 4, IWS=3, seed=T,  15,2.3768448754279384e+29,
 M=   16, N=   16, type 4, IWS=4, seed=T,  15,2.3768448754279384e+29,
 M=   30, N=   30, type 4, IWS=1, seed=T,  15,1.2676506002282338e+29,
 M=   30, N=   30, type 4, IWS=2, seed=T,  15,1.2676506002282338e+29,
 M=   30, N=   30, type 4, IWS=3, seed=T,  15,1.2676506002282338e+29,
 M=   30, N=   30, type 4, IWS=4, seed=T,  15,1.2676506002282338e+29,
 M=   40, N=   30, type 4, IWS=1, seed=T,  15,1.2676506002282338e+29,
 M=   40, N=   30, type 4, IWS=2, seed=T,  15,1.2676506002282338e+29,
 M=   40, N=   30, type 4, IWS=3, seed=T,  15,1.2676506002282338e+29,
 M=   40, N=   30, type 4, IWS=4, seed=T,  15,1.2676506002282338e+29,
 M=   40, N=   40, type 4, IWS=1, seed=T,  15,9.5073795017117536e+28,
 M=   40, N=   40, type 4, IWS=2, seed=T,  15,9.5073795017117536e+28,
 M=   40, N=   40, type 4, IWS=3, seed=T,  15,9.5073795017117536e+28,
 M=   40, N=   40, type 4, IWS=4, seed=T,  15,9.5073795017117536e+28,
 DBD drivers:     28 out of  14820 tests failed to pass the threshold


 SVD:  NB =   3, NBMIN =   2, NX =   9, NRHS =   2

 All tests for DBD routines passed the threshold (  10260 tests run)
 SVD -- Real Singular Value Decomposition Driver 
 Matrix types (see Rdrvbd for details):

 1 = Zero matrix
 2 = Identity matrix
 3 = Evenly spaced singular values near 1
 4 = Evenly spaced singular values near underflow
 5 = Evenly spaced singular values near overflow

 Tests performed: ( A is dense, U and V are orthogonal,
                    S is an array, and Upartial, VTpartial, and
                    Spartial are partially computed U, VT and S),

 1 = | A - U diag(S) VT | / ( |A| max(M,N) ulp ) 
 2 = | I - U**T U | / ( M ulp ) 
 3 = | I - VT VT**T | / ( N ulp ) 
 4 = 0 if S contains min(M,N) nonnegative values in decreasing order, else 1/ulp
 5 = | U - Upartial | / ( M ulp )
 6 = | VT - VTpartial | / ( N ulp )
 7 = | S - Spartial | / ( min(M,N) ulp |S| )
 8 = | A - U diag(S) VT | / ( |A| max(M,N) ulp ) 
 9 = | I - U**T U | / ( M ulp ) 
10 = | I - VT VT**T | / ( N ulp ) 
11 = 0 if S contains min(M,N) nonnegative values in decreasing order, else 1/ulp
12 = | U - Upartial | / ( M ulp )
13 = | VT - VTpartial | / ( N ulp )
14 = | S - Spartial | / ( min(M,N) ulp |S| )
15 = | A - U diag(S) VT | / ( |A| max(M,N) ulp ) 
16 = | I - U**T U | / ( M ulp ) 
17 = | I - VT VT**T | / ( N ulp ) 
18 = 0 if S contains min(M,N) nonnegative values in decreasing order, else 1/ulp
19 = | U - Upartial | / ( M ulp )
20 = | VT - VTpartial | / ( N ulp )
21 = | S - Spartial | / ( min(M,N) ulp |S| )
22 = 0 if S contains min(M,N) nonnegative values in decreasing order, else 1/ulp
23 = | A - U diag(S) VT | / ( |A| max(M,N) ulp ), Rgesvdx(V,V,A) 
24 = | I - U**T U | / ( M ulp ) 
25 = | I - VT VT**T | / ( N ulp ) 
26 = 0 if S contains min(M,N) nonnegative values in decreasing order, else 1/ulp
27 = | U - Upartial | / ( M ulp )
28 = | VT - VTpartial | / ( N ulp )
29 = | S - Spartial | / ( min(M,N) ulp |S| )
30 = | U**T A VT**T - diag(S) | / ( |A| max(M,N) ulp ), Rgesvdx(V,V,I) 
31 = | I - U**T U | / ( M ulp ) 
32 = | I - VT VT**T | / ( N ulp ) 
33 = | U**T A VT**T - diag(S) | / ( |A| max(M,N) ulp ), Rgesvdx(V,V,V) 
34 = | I - U**T U | / ( M ulp ) 
35 = | I - VT VT**T | / ( N ulp )  Rgesvdq(H,N,N,A,A
36 = | A - U diag(S) VT | / ( |A| max(M,N) ulp ) 
37 = | I - U**T U | / ( M ulp ) 
38 = | I - VT VT**T | / ( N ulp ) 
39 = 0 if S contains min(M,N) nonnegative values in decreasing order, else 1/ulp


 M=    3, N=    3, type 4, IWS=1, seed=T,  15,1.2676506002282338e+30,
 M=    3, N=    3, type 4, IWS=2, seed=T,  15,1.2676506002282338e+30,
 M=    3, N=    3, type 4, IWS=3, seed=T,  15,1.2676506002282338e+30,
 M=    3, N=    3, type 4, IWS=4, seed=T,  15,1.2676506002282338e+30,
 M=   10, N=   10, type 4, IWS=1, seed=T,  15,3.8029518006847014e+29,
 M=   10, N=   10, type 4, IWS=2, seed=T,  15,3.8029518006847014e+29,
 M=   10, N=   10, type 4, IWS=3, seed=T,  15,3.8029518006847014e+29,
 M=   10, N=   10, type 4, IWS=4, seed=T,  15,3.8029518006847014e+29,
 M=   16, N=   10, type 4, IWS=1, seed=T,  15,3.8029518006847014e+29,
 M=   16, N=   10, type 4, IWS=2, seed=T,  15,3.8029518006847014e+29,
 M=   16, N=   10, type 4, IWS=3, seed=T,  15,3.8029518006847014e+29,
 M=   16, N=   10, type 4, IWS=4, seed=T,  15,3.8029518006847014e+29,
 M=   16, N=   16, type 4, IWS=1, seed=T,  15,2.3768448754279384e+29,
 M=   16, N=   16, type 4, IWS=2, seed=T,  15,2.3768448754279384e+29,
 M=   16, N=   16, type 4, IWS=3, seed=T,  15,2.3768448754279384e+29,
 M=   16, N=   16, type 4, IWS=4, seed=T,  15,2.3768448754279384e+29,
 M=   30, N=   30, type 4, IWS=1, seed=T,  15,1.2676506002282338e+29,
 M=   30, N=   30, type 4, IWS=2, seed=T,  15,1.2676506002282338e+29,
 M=   30, N=   30, type 4, IWS=3, seed=T,  15,1.2676506002282338e+29,
 M=   30, N=   30, type 4, IWS=4, seed=T,  15,1.2676506002282338e+29,
 M=   40, N=   30, type 4, IWS=1, seed=T,  15,1.2676506002282338e+29,
 M=   40, N=   30, type 4, IWS=2, seed=T,  15,1.2676506002282338e+29,
 M=   40, N=   30, type 4, IWS=3, seed=T,  15,1.2676506002282338e+29,
 M=   40, N=   30, type 4, IWS=4, seed=T,  15,1.2676506002282338e+29,
 M=   40, N=   40, type 4, IWS=1, seed=T,  15,9.5073795017117536e+28,
 M=   40, N=   40, type 4, IWS=2, seed=T,  15,9.5073795017117536e+28,
 M=   40, N=   40, type 4, IWS=3, seed=T,  15,9.5073795017117536e+28,
 M=   40, N=   40, type 4, IWS=4, seed=T,  15,9.5073795017117536e+28,
 DBD drivers:     28 out of  14820 tests failed to pass the threshold


 SVD:  NB =  20, NBMIN =   2, NX =   1, NRHS =   2

 All tests for DBD routines passed the threshold (  10260 tests run)
 SVD -- Real Singular Value Decomposition Driver 
 Matrix types (see Rdrvbd for details):

 1 = Zero matrix
 2 = Identity matrix
 3 = Evenly spaced singular values near 1
 4 = Evenly spaced singular values near underflow
 5 = Evenly spaced singular values near overflow

 Tests performed: ( A is dense, U and V are orthogonal,
                    S is an array, and Upartial, VTpartial, and
                    Spartial are partially computed U, VT and S),

 1 = | A - U diag(S) VT | / ( |A| max(M,N) ulp ) 
 2 = | I - U**T U | / ( M ulp ) 
 3 = | I - VT VT**T | / ( N ulp ) 
 4 = 0 if S contains min(M,N) nonnegative values in decreasing order, else 1/ulp
 5 = | U - Upartial | / ( M ulp )
 6 = | VT - VTpartial | / ( N ulp )
 7 = | S - Spartial | / ( min(M,N) ulp |S| )
 8 = | A - U diag(S) VT | / ( |A| max(M,N) ulp ) 
 9 = | I - U**T U | / ( M ulp ) 
10 = | I - VT VT**T | / ( N ulp ) 
11 = 0 if S contains min(M,N) nonnegative values in decreasing order, else 1/ulp
12 = | U - Upartial | / ( M ulp )
13 = | VT - VTpartial | / ( N ulp )
14 = | S - Spartial | / ( min(M,N) ulp |S| )
15 = | A - U diag(S) VT | / ( |A| max(M,N) ulp ) 
16 = | I - U**T U | / ( M ulp ) 
17 = | I - VT VT**T | / ( N ulp ) 
18 = 0 if S contains min(M,N) nonnegative values in decreasing order, else 1/ulp
19 = | U - Upartial | / ( M ulp )
20 = | VT - VTpartial | / ( N ulp )
21 = | S - Spartial | / ( min(M,N) ulp |S| )
22 = 0 if S contains min(M,N) nonnegative values in decreasing order, else 1/ulp
23 = | A - U diag(S) VT | / ( |A| max(M,N) ulp ), Rgesvdx(V,V,A) 
24 = | I - U**T U | / ( M ulp ) 
25 = | I - VT VT**T | / ( N ulp ) 
26 = 0 if S contains min(M,N) nonnegative values in decreasing order, else 1/ulp
27 = | U - Upartial | / ( M ulp )
28 = | VT - VTpartial | / ( N ulp )
29 = | S - Spartial | / ( min(M,N) ulp |S| )
30 = | U**T A VT**T - diag(S) | / ( |A| max(M,N) ulp ), Rgesvdx(V,V,I) 
31 = | I - U**T U | / ( M ulp ) 
32 = | I - VT VT**T | / ( N ulp ) 
33 = | U**T A VT**T - diag(S) | / ( |A| max(M,N) ulp ), Rgesvdx(V,V,V) 
34 = | I - U**T U | / ( M ulp ) 
35 = | I - VT VT**T | / ( N ulp )  Rgesvdq(H,N,N,A,A
36 = | A - U diag(S) VT | / ( |A| max(M,N) ulp ) 
37 = | I - U**T U | / ( M ulp ) 
38 = | I - VT VT**T | / ( N ulp ) 
39 = 0 if S contains min(M,N) nonnegative values in decreasing order, else 1/ulp


 M=    3, N=    3, type 4, IWS=1, seed=T,  15,1.2676506002282338e+30,
 M=    3, N=    3, type 4, IWS=2, seed=T,  15,1.2676506002282338e+30,
 M=    3, N=    3, type 4, IWS=3, seed=T,  15,1.2676506002282338e+30,
 M=    3, N=    3, type 4, IWS=4, seed=T,  15,1.2676506002282338e+30,
 M=   10, N=   10, type 4, IWS=1, seed=T,  15,3.8029518006847014e+29,
 M=   10, N=   10, type 4, IWS=2, seed=T,  15,3.8029518006847014e+29,
 M=   10, N=   10, type 4, IWS=3, seed=T,  15,3.8029518006847014e+29,
 M=   10, N=   10, type 4, IWS=4, seed=T,  15,3.8029518006847014e+29,
 M=   16, N=   10, type 4, IWS=1, seed=T,  15,3.8029518006847014e+29,
 M=   16, N=   10, type 4, IWS=2, seed=T,  15,3.8029518006847014e+29,
 M=   16, N=   10, type 4, IWS=3, seed=T,  15,3.8029518006847014e+29,
 M=   16, N=   10, type 4, IWS=4, seed=T,  15,3.8029518006847014e+29,
 M=   16, N=   16, type 4, IWS=1, seed=T,  15,2.3768448754279384e+29,
 M=   16, N=   16, type 4, IWS=2, seed=T,  15,2.3768448754279384e+29,
 M=   16, N=   16, type 4, IWS=3, seed=T,  15,2.3768448754279384e+29,
 M=   16, N=   16, type 4, IWS=4, seed=T,  15,2.3768448754279384e+29,
 M=   30, N=   30, type 4, IWS=1, seed=T,  15,1.2676506002282338e+29,
 M=   30, N=   30, type 4, IWS=2, seed=T,  15,1.2676506002282338e+29,
 M=   30, N=   30, type 4, IWS=3, seed=T,  15,1.2676506002282338e+29,
 M=   30, N=   30, type 4, IWS=4, seed=T,  15,1.2676506002282338e+29,
 M=   40, N=   30, type 4, IWS=1, seed=T,  15,1.2676506002282338e+29,
 M=   40, N=   30, type 4, IWS=2, seed=T,  15,1.2676506002282338e+29,
 M=   40, N=   30, type 4, IWS=3, seed=T,  15,1.2676506002282338e+29,
 M=   40, N=   30, type 4, IWS=4, seed=T,  15,1.2676506002282338e+29,
 M=   40, N=   40, type 4, IWS=1, seed=T,  15,9.5073795017117536e+28,
 M=   40, N=   40, type 4, IWS=2, seed=T,  15,9.5073795017117536e+28,
 M=   40, N=   40, type 4, IWS=3, seed=T,  15,9.5073795017117536e+28,
 M=   40, N=   40, type 4, IWS=4, seed=T,  15,9.5073795017117536e+28,
 DBD drivers:     28 out of  14820 tests failed to pass the threshold


 End of tests
 Total time used =       628.00 seconds

